Arguments: 
  C:\Program Files\nodejs\node.exe C:\Users\Amal\AppData\Roaming\npm\node_modules\yarn\bin\yarn.js install

PATH: 
  C:\Users\Amal\bin;C:\Program Files\Git\mingw64\bin;C:\Program Files\Git\usr\local\bin;C:\Program Files\Git\usr\bin;C:\Program Files\Git\usr\bin;C:\Program Files\Git\mingw64\bin;C:\Program Files\Git\usr\bin;C:\Users\Amal\bin;C:\Program Files\Common Files\Oracle\Java\javapath;C:\Program Files (x86)\VMware\VMware Player\bin;C:\Program Files (x86)\Common Files\Intel\Shared Libraries\redist\intel64\compiler;C:\Program Files (x86)\Common Files\Oracle\Java\javapath;C:\Windows\system32;C:\Windows;C:\Windows\System32\Wbem;C:\Windows\System32\WindowsPowerShell\v1.0;C:\Windows\System32\OpenSSH;C:\Program Files\Git\cmd;C:\Program Files\dotnet;C:\Program Files (x86)\Calibre2;C:\Program Files\PuTTY;C:\Program Files (x86)\Windows Kits\10\Windows Performance Toolkit;C:\Users\Amal\AppData\Roaming\nvm;C:\Program Files\nodejs;C:\Users\Amal\AppData\Local\Programs\Python\Python310\Scripts;C:\Users\Amal\AppData\Local\Programs\Python\Python310;C:\Users\Amal\.windows-build-tools\python27;C:\Users\Amal\anaconda3;C:\Users\Amal\anaconda3\Library\mingw-w64\bin;C:\Users\Amal\anaconda3\Library\usr\bin;C:\Users\Amal\anaconda3\Library\bin;C:\Users\Amal\anaconda3\Scripts;C:\Users\Amal\AppData\Local\Microsoft\WindowsApps;C:\Users\Amal\AppData\Local\Programs\Microsoft VS Code\bin;C:\Program Files (x86)\GitHub CLI;C:\Users\Amal\Documents\Code\flutter\bin;C:\Program Files\heroku\bin;C:\Users\Amal\Documents\Code\depot_tools;C:\Users\Amal\.dotnet\tools;C:\Users\Amal\AppData\Roaming\npm;C:\Users\Amal\AppData\Roaming\nvm;C:\Program Files\nodejs;C:\Program Files\Java\jdk-16.0.2\bin;C:\Program Files\Git\usr\bin\vendor_perl;C:\Program Files\Git\usr\bin\core_perl

Yarn version: 
  1.22.17

Node version: 
  16.5.0

Platform: 
  win32 x64

Trace: 
  Error: EPERM: operation not permitted, unlink 'C:\Users\Amal\Documents\Code\todo\alphion\node_modules\xdl\binaries\windows\adb\adb.exe'

npm manifest: 
  {
    "name": "alphion",
    "version": "1.1.1",
    "main": "node_modules/expo/AppEntry.js",
    "scripts": {
      "start": "expo start",
      "android": "expo start --android",
      "ios": "expo start --ios",
      "web": "expo start --web",
      "eject": "expo eject"
    },
    "dependencies": {
      "@expo/metro-config": "^0.3.8",
      "@react-native-async-storage/async-storage": "^1.17.3",
      "@react-native-masked-view/masked-view": "^0.2.6",
      "@react-navigation/native": "^6.0.6",
      "@react-navigation/stack": "^6.0.11",
      "@types/react-native-canvas": "^0.1.8",
      "base64-arraybuffer": "^1.0.2",
      "expo": "^45.0.0",
      "expo-asset-utils": "^3.0.0",
      "expo-cli": "^5.0.3",
      "expo-file-system": "^14.0.0",
      "expo-gl": "^11.3.0",
      "expo-gl-cpp": "^11.3.0",
      "expo-graphics": "^2.0.0",
      "expo-linking": "^3.1.0",
      "expo-sqlite": "^10.2.0",
      "expo-status-bar": "^1.3.0",
      "expo-store-review": "^5.2.0",
      "expo-three": "^6.1.0",
      "moment": "^2.29.1",
      "react": "17.0.2",
      "react-dom": "17.0.2",
      "react-icons": "^4.3.1",
      "react-native": "0.68.2",
      "react-native-animated-pagination-dots": "^0.1.72",
      "react-native-canvas": "^0.1.38",
      "react-native-chart-kit": "^6.11.0",
      "react-native-eject": "^0.1.2",
      "react-native-fontawesome": "^7.0.0",
      "react-native-fs": "^2.19.0",
      "react-native-gesture-handler": "~2.2.1",
      "react-native-masked-view": "^0.2.0",
      "react-native-reanimated": "^2.8.0",
      "react-native-root-toast": "^3.3.0",
      "react-native-safe-area-context": "4.2.4",
      "react-native-safe-area-view": "^1.1.1",
      "react-native-screens": "^3.11.1",
      "react-native-svg": "^12.3.0",
      "react-native-vector-icons": "^9.0.0",
      "react-native-web": "^0.17.7",
      "react-native-webview": "^11.18.1",
      "react-navigation": "^4.4.4",
      "reanimated-bottom-sheet": "^1.0.0-alpha.22",
      "three": "^0.140.0"
    },
    "devDependencies": {
      "@babel/core": "^7.12.9"
    },
    "private": true
  }

yarn manifest: 
  No manifest

Lockfile: 
  No lockfile
